// Jest Snapshot v1, https://goo.gl/fbAQLP

exports[`encodeMessage 1`] = `"1"`;
